files/149.csv
id,week,center_id,meal_id,checkout_price,base_price,emailer_for_promotion,homepage_featured,num_orders
1045407,1,149,2322,310.4,311.4,0,0,67
1328299,2,149,2322,325.98,325.98,0,0,53
1008718,3,149,2322,319.13,319.13,0,0,94
1342172,4,149,2322,321.1,322.1,0,0,109
1106557,5,149,2322,310.43,310.43,0,0,177
1067060,6,149,2322,323.98,324.98,0,0,80
1090857,7,149,2322,316.28,315.28,0,0,95
1075403,8,149,2322,325.01,323.01,0,0,28
1436784,9,149,2322,314.31,313.31,0,0,69
1453242,10,149,2322,314.28,315.28,0,0,96
1391746,11,149,2322,306.55,306.55,0,0,96
1389375,12,149,2322,319.16,320.16,0,0,162
1423694,13,149,2322,321.1,321.1,0,0,109
1181224,14,149,2322,315.31,315.31,0,0,175
1389433,15,149,2322,313.31,314.31,0,0,81
1240888,16,149,2322,311.4,311.4,0,0,148
1311887,17,149,2322,320.13,312.4,1,0,82
1192502,18,149,2322,324.01,312.4,1,0,148
1442789,19,149,2322,319.19,319.19,0,0,149
1285645,20,149,2322,324.98,323.98,0,0,55
1137868,21,149,2322,321.13,319.13,0,0,189
1455583,22,149,2322,317.22,316.22,0,0,175
1193182,23,149,2322,315.31,315.31,0,0,80
1248210,24,149,2322,316.28,316.28,0,0,135
1088566,25,149,2322,316.28,315.28,0,0,134
1417708,26,149,2322,325.98,325.98,0,0,175
1079877,27,149,2322,316.28,314.28,0,0,134
1241818,28,149,2322,324.98,324.98,0,0,53
1365080,29,149,2322,313.31,315.31,0,0,40
1163090,30,149,2322,320.13,321.13,0,0,94
1223684,31,149,2322,319.19,318.19,0,0,134
1137771,32,149,2322,324.98,323.98,0,0,94
1396879,33,149,2322,323.01,324.01,0,0,121
1201849,34,149,2322,317.19,319.19,0,0,136
1373689,35,149,2322,316.28,314.28,0,0,94
1159467,36,149,2322,323.98,324.98,0,0,94
1479257,37,149,2322,323.01,325.01,0,0,96
1126001,38,149,2322,252.26,325.01,0,0,96
1317432,39,149,2322,323.01,324.01,0,0,40
1319531,40,149,2322,324.98,325.98,0,0,55
1000879,41,149,2322,321.1,322.1,0,0,134
1334669,42,149,2322,320.16,319.16,0,0,80
1326807,43,149,2322,325.98,325.98,0,0,15
1032795,44,149,2322,323.01,323.01,0,0,68
1186563,45,149,2322,312.4,311.4,0,0,67
1432642,46,149,2322,318.16,320.16,0,0,161
1144466,47,149,2322,324.98,325.98,0,0,148
1000149,48,149,2322,323.98,324.98,0,0,109
1224398,49,149,2322,285.24,324.98,1,1,271
1128704,50,149,2322,281.33,323.98,0,0,163
1402626,51,149,2322,277.48,324.98,1,0,108
1263984,52,149,2322,283.24,325.98,1,0,108
1424547,53,149,2322,318.19,318.19,0,0,121
1072998,54,149,2322,320.16,320.16,0,0,80
1034662,55,149,2322,323.98,324.98,0,0,96
1184050,56,149,2322,316.25,315.25,0,0,55
1429199,57,149,2322,323.01,323.01,0,0,95
1137559,58,149,2322,314.31,315.31,0,0,81
1044529,59,149,2322,319.19,319.19,0,0,69
1103169,60,149,2322,325.98,323.98,0,0,94
1250333,61,149,2322,321.1,320.1,0,0,121
1333570,62,149,2322,321.13,320.13,0,0,68
1296896,63,149,2322,314.28,315.28,0,0,96
1306748,64,149,2322,325.98,323.98,0,0,68
1458483,65,149,2322,317.22,317.22,0,0,122
1443053,66,149,2322,325.98,323.98,0,0,68
1205841,67,149,2322,313.37,312.37,0,0,108
1473667,68,149,2322,325.98,325.98,0,0,53
1139673,69,149,2322,316.25,317.25,0,0,149
1467010,70,149,2322,320.1,320.1,0,0,121
1268576,71,149,2322,318.22,318.22,0,0,122
1454020,72,149,2322,324.98,325.98,0,0,69
1373935,73,149,2322,292,323.98,0,0,53
1350362,74,149,2322,308.49,308.49,0,0,26
1381647,75,149,2322,325.98,323.98,0,0,68
1019488,76,149,2322,323.98,324.98,0,0,122
1448179,77,149,2322,308.46,310.46,0,0,27
1342053,78,149,2322,324.01,325.01,0,0,42
1036560,79,149,2322,324.98,323.98,0,0,55
1099089,80,149,2322,319.16,319.16,0,0,135
1340803,81,149,2322,323.98,325.98,0,0,41
1059015,82,149,2322,314.31,313.31,0,0,40
1419511,84,149,2322,310.46,309.46,0,0,53
1382930,85,149,2322,323.98,324.98,0,0,27
1241058,86,149,2322,325.98,325.98,0,0,42
1001904,87,149,2322,314.31,313.31,0,0,80
1404784,88,149,2322,324.98,323.98,0,0,107
1030366,89,149,2322,316.25,315.25,0,0,53
1385331,90,149,2322,320.13,321.13,0,0,95
1455633,91,149,2322,313.31,313.31,0,0,40
1102500,92,149,2322,321.13,320.13,0,0,95
1473138,93,149,2322,324.98,323.98,0,0,95
1170710,94,149,2322,315.28,314.28,0,0,94
1033909,95,149,2322,325.98,323.98,0,0,15
1131103,96,149,2322,320.1,322.1,0,0,150
1471519,97,149,2322,319.19,319.19,0,0,68
1183648,98,149,2322,323.98,324.98,0,0,67
1255525,99,149,2322,303.67,303.67,0,0,80
1228665,100,149,2322,323.98,324.98,0,0,121
1456368,101,149,2322,291.03,324.98,1,0,134
1034951,102,149,2322,287.12,323.98,0,0,149
1269389,103,149,2322,292.03,325.98,0,0,96
1316896,104,149,2322,292.03,323.98,0,0,107
1311645,105,149,2322,290.09,325.98,0,0,163
1259047,106,149,2322,283.24,324.98,0,0,216
1253123,107,149,2322,292.03,325.98,0,0,54
1357897,108,149,2322,288.12,288.12,0,0,68
1235788,109,149,2322,286.21,284.21,0,0,283
1239906,110,149,2322,315.31,286.21,0,1,122
1217294,111,149,2322,325.98,286.21,1,1,149
1346605,112,149,2322,324.98,284.21,0,1,55
1042470,113,149,2322,313.31,313.31,0,0,80
1110316,114,149,2322,318.19,318.19,0,0,135
1179438,115,149,2322,319.13,320.13,0,0,109
1077241,116,149,2322,314.31,315.31,0,0,42
1314549,117,149,2322,325.98,323.98,0,0,42
1223467,118,149,2322,308.46,309.46,0,0,161
1152043,119,149,2322,322.1,322.1,0,0,108
1200556,120,149,2322,319.13,319.13,0,0,94
1200081,121,149,2322,318.16,320.13,1,1,177
1152482,122,149,2322,324.98,325.98,0,0,82
1494766,123,149,2322,323.98,323.98,0,0,27
1206131,124,149,2322,310.46,309.46,0,0,54
1406769,125,149,2322,317.19,317.19,0,0,69
1254680,126,149,2322,317.25,316.25,0,0,148
1202146,127,149,2322,343.41,344.41,0,0,69
1086303,128,149,2322,369.63,367.63,0,0,27
1475735,129,149,2322,320.16,369.63,1,0,161
1324548,130,149,2322,324.01,369.63,0,0,121
1324019,131,149,2322,325.98,367.63,0,0,69
1274137,132,149,2322,322.1,368.63,1,0,109
1188780,133,149,2322,368.63,368.63,0,0,28
1349841,134,149,2322,360.9,358.9,0,0,54
1272454,135,149,2322,368.63,369.63,0,0,96
1301617,136,149,2322,359.87,361.87,0,0,53
1330965,137,149,2322,360.87,361.87,0,0,68
1447719,138,149,2322,369.63,367.63,0,0,14
1329891,139,149,2322,369.63,368.63,0,0,81
1309028,140,149,2322,364.78,363.78,0,0,107
1144734,141,149,2322,369.63,368.63,0,0,53
1401351,142,149,2322,369.63,367.63,0,0,67
1029646,143,149,2322,367.63,368.63,0,0,55
1446672,144,149,2322,356.02,357.02,0,0,81
1445422,145,149,2322,345.38,345.38,0,0,42
1000473,1,149,2290,310.43,309.43,0,0,189
1238811,2,149,2290,309.43,309.43,0,0,204
1198147,3,149,2290,309.43,311.43,0,0,244
1466992,4,149,2290,310.43,310.43,0,0,230
1344005,5,149,2290,162.05,310.43,1,1,3456
1009317,6,149,2290,160.08,309.43,0,1,2038
1042560,7,149,2290,161.02,310.43,1,1,2429
1236610,8,149,2290,161.02,309.43,0,1,960
1388698,9,149,2290,276.51,310.43,0,0,177
1152314,10,149,2290,263.9,311.43,0,0,175
1114756,11,149,2290,281.3,283.3,0,0,150
1042884,12,149,2290,287.18,286.18,0,0,177
1226439,13,149,2290,206.61,287.18,0,0,40
1462940,14,149,2290,310.43,311.43,0,0,149
1095044,15,149,2290,275.51,309.43,0,0,256
1489196,16,149,2290,241.56,309.43,0,0,391
1112218,17,149,2290,194,309.43,1,0,864
1207354,18,149,2290,238.65,309.43,0,0,177
1092897,19,149,2290,290.03,290.03,0,0,215
1354589,20,149,2290,311.43,310.43,0,0,188
1053060,21,149,2290,300.76,298.76,0,0,379
1100868,22,149,2290,310.43,309.43,0,0,310
1186872,23,149,2290,309.43,309.43,0,0,296
1456793,24,149,2290,309.43,309.43,0,0,242
1143446,25,149,2290,304.61,304.61,0,0,242
1386593,26,149,2290,291,293,0,0,285
1264017,27,149,2290,289.12,289.12,0,0,188
1079033,28,149,2290,277.48,276.48,0,0,243
1369028,29,149,2290,311.43,309.43,0,0,188
1489973,30,149,2290,309.43,311.43,0,0,243
1039617,31,149,2290,311.43,311.43,0,0,270
1328331,32,149,2290,263.87,311.43,0,0,447
1312350,33,149,2290,309.43,310.43,0,0,108
1036131,34,149,2290,284.21,285.21,0,0,296
1369540,35,149,2290,310.43,309.43,0,0,269
1118966,36,149,2290,269.69,311.43,0,0,310
1212890,37,149,2290,286.15,288.15,0,0,258
1028776,38,149,2290,168.81,287.15,1,1,1201
1174118,39,149,2290,295.85,296.85,0,0,269
1400391,40,149,2290,310.43,310.43,0,0,297
1023256,41,149,2290,282.3,282.3,0,0,297
1054337,42,149,2290,310.43,310.43,0,0,297
1178942,43,149,2290,310.43,309.43,0,0,176
1240226,44,149,2290,274.54,311.43,0,0,285
1174866,45,149,2290,240.59,309.43,1,0,1052
1050254,46,149,2290,239.59,309.43,0,0,501
1129787,47,149,2290,272.63,311.43,0,0,378
1048562,48,149,2290,260.96,310.43,0,0,339
1104063,49,149,2290,272.63,310.43,0,0,283
1469165,50,149,2290,271.63,310.43,0,0,258
1167139,51,149,2290,261.93,260.93,0,0,391
1368065,52,149,2290,272.63,272.63,0,0,391
1180450,53,149,2290,263.87,263.87,0,0,485
1353350,54,149,2290,249.29,251.29,0,0,338
1403797,55,149,2290,272.63,272.63,0,0,366
1064662,56,149,2290,272.63,271.63,0,0,378
1359051,57,149,2290,254.17,255.17,0,0,405
1008942,58,149,2290,271.63,271.63,0,0,271
1392889,59,149,2290,262.9,261.9,0,0,418
1126107,60,149,2290,250.26,252.26,0,0,325
1236230,61,149,2290,244.5,243.5,0,0,258
1486233,62,149,2290,272.63,271.63,0,0,82
1443328,63,149,2290,272.63,272.63,0,0,258
1195595,64,149,2290,270.63,270.63,0,0,163
1396552,65,149,2290,272.63,270.63,0,0,204
1289274,66,149,2290,271.63,270.63,0,0,202
1107748,67,149,2290,229.92,270.63,0,0,177
1187057,68,149,2290,271.63,271.63,0,0,123
1372924,69,149,2290,272.63,271.63,0,0,325
1393481,70,149,2290,272.63,272.63,0,0,203
1095518,71,149,2290,272.63,272.63,0,0,298
1214230,72,149,2290,270.63,270.63,0,0,283
1071648,73,149,2290,271.6,271.6,0,0,458
1013663,74,149,2290,272.63,270.63,0,0,311
1338620,75,149,2290,270.63,272.63,0,0,298
1013041,76,149,2290,270.63,270.63,0,0,284
1472602,77,149,2290,272.63,272.63,0,0,365
1086659,78,149,2290,271.63,271.63,0,0,472
1479376,79,149,2290,272.63,270.63,0,0,460
1181458,80,149,2290,270.63,272.63,0,0,231
1330764,81,149,2290,270.63,271.63,0,0,366
1379587,82,149,2290,271.63,272.63,0,0,339
1163896,83,149,2290,240.56,272.63,0,0,404
1479868,84,149,2290,267.78,266.78,0,0,365
1380949,85,149,2290,255.11,255.11,0,0,338
1184214,86,149,2290,266.78,265.78,0,0,312
1485573,87,149,2290,259.96,261.96,0,0,365
1235582,88,149,2290,265.78,266.78,0,0,512
1267977,89,149,2290,267.78,267.78,0,0,391
1310727,90,149,2290,193.03,265.78,1,1,1188
1066177,91,149,2290,198.88,267.78,0,1,609
1112230,92,149,2290,252.23,253.23,0,0,351
1267087,93,149,2290,262.93,261.93,0,0,161
1083353,94,149,2290,244.47,245.47,0,0,405
1240081,95,149,2290,243.5,244.5,0,0,215
1140282,96,149,2290,266.78,267.78,0,0,472
1095893,97,149,2290,242.56,242.56,0,0,257
1129094,98,149,2290,240.56,242.56,0,0,285
1311942,99,149,2290,267.78,265.78,0,0,177
1123991,100,149,2290,224.13,265.78,1,1,1484
1263877,101,149,2290,222.19,267.78,1,1,932
1094421,102,149,2290,184.36,266.78,1,1,892
1192847,103,149,2290,183.33,266.78,1,1,811
1433279,104,149,2290,223.16,266.78,0,0,593
1427014,105,149,2290,188.18,266.78,0,1,1256
1406894,106,149,2290,185.27,265.78,0,1,676
1437559,107,149,2290,200.82,265.78,0,1,729
1331751,108,149,2290,174.6,265.78,0,1,621
1380894,109,149,2290,184.3,266.78,0,0,527
1240404,110,149,2290,183.36,267.78,0,0,323
1139643,111,149,2290,233.77,265.78,0,0,420
1292900,112,149,2290,221.22,266.78,0,1,756
1341325,113,149,2290,264.84,263.84,0,0,406
1352725,114,149,2290,266.81,265.81,0,0,377
1333677,115,149,2290,260.93,262.93,0,0,271
1073044,116,149,2290,259.96,260.96,0,0,231
1283057,117,149,2290,275.51,276.51,0,0,447
1030984,118,149,2290,266.81,264.81,0,0,393
1249358,119,149,2290,270.63,266.81,1,1,635
1372480,120,149,2290,271.63,264.81,1,1,648
1117472,121,149,2290,274.51,276.51,0,0,404
1166749,122,149,2290,263.87,262.87,0,0,312
1171880,123,149,2290,241.53,243.53,0,0,445
1165895,124,149,2290,242.5,244.5,0,0,459
1133333,125,149,2290,278.39,278.39,0,0,323
1115300,126,149,2290,274.51,274.51,0,0,257
1307019,127,149,2290,276.51,275.51,0,0,541
1018369,128,149,2290,275.51,274.51,0,0,378
1242850,129,149,2290,274.51,275.51,0,0,379
1195606,130,149,2290,263.84,264.84,0,0,216
1096954,131,149,2290,264.84,264.84,0,0,311
1391666,132,149,2290,280.39,278.39,0,0,163
1218035,133,149,2290,297.79,299.79,0,0,230
1220165,134,149,2290,266.75,297.79,1,0,568
1132822,135,149,2290,284.24,298.79,0,1,271
1319843,136,149,2290,200.85,297.79,0,0,190
1139419,137,149,2290,297.79,298.79,0,0,135
1412640,138,149,2290,298.79,299.79,0,0,175
1325289,139,149,2290,297.79,299.79,0,0,215
1190156,140,149,2290,299.79,297.79,0,0,121
1328810,141,149,2290,297.79,297.79,0,0,135
1239789,142,149,2290,297.79,299.79,0,0,230
1063261,143,149,2290,299.79,298.79,0,0,96
1204353,144,149,2290,284.24,285.24,0,0,269
1066781,145,149,2290,299.79,297.79,0,0,53
