files/149.csv
id,week,center_id,meal_id,checkout_price,base_price,emailer_for_promotion,homepage_featured,num_orders
1329824,1,149,1558,582.03,612.13,1,0,67
1312674,2,149,1558,581.03,610.13,1,0,41
1426282,3,149,1558,612.13,611.13,0,0,42
1078306,4,149,1558,611.13,612.13,0,0,26
1404074,5,149,1558,617.92,617.92,0,0,28
1095933,6,149,1558,619.83,620.83,0,0,41
1119726,7,149,1558,620.83,620.83,0,0,80
1104233,8,149,1558,614.07,612.07,0,0,26
1274325,9,149,1558,581.03,583.03,0,0,14
1475146,10,149,1558,582.03,583.03,0,0,27
1272949,11,149,1558,583.03,582.03,0,0,40
1166084,12,149,1558,534.53,583.03,1,0,13
1177504,13,149,1558,532.53,583.03,1,0,42
1447590,14,149,1558,639.23,640.23,0,0,26
1056015,15,149,1558,641.23,640.23,0,0,27
1093541,16,149,1558,639.23,641.23,0,0,55
1097658,17,149,1558,639.23,639.23,0,0,26
1037283,18,149,1558,639.23,639.23,0,0,41
1160644,19,149,1558,639.23,639.23,0,0,42
1213818,20,149,1558,486.03,640.23,1,1,176
1307963,21,149,1558,485.03,639.23,1,1,108
1490277,22,149,1558,641.23,641.23,0,0,55
1437873,23,149,1558,641.23,640.23,0,0,28
1412953,24,149,1558,640.23,639.23,0,0,13
1378087,26,149,1558,492.79,640.23,1,0,215
1364565,27,149,1558,486.03,641.23,1,1,69
1265784,28,149,1558,640.23,639.23,0,0,81
1457843,29,149,1558,640.23,641.23,0,0,14
1412613,30,149,1558,640.23,639.23,0,0,27
1338980,31,149,1558,641.23,641.23,0,0,42
1496135,33,149,1558,641.23,639.23,0,0,14
1194739,34,149,1558,639.23,641.23,0,0,40
1417202,36,149,1558,640.23,639.23,0,0,13
1167955,37,149,1558,435.59,639.23,1,1,324
1026840,38,149,1558,443.32,639.23,1,1,325
1092210,39,149,1558,433.59,641.23,0,0,109
1273375,40,149,1558,433.59,641.23,0,0,203
1248143,41,149,1558,640.23,640.23,0,0,94
1482964,42,149,1558,640.23,640.23,0,0,13
1469422,43,149,1558,641.23,639.23,0,0,55
1482651,44,149,1558,641.23,640.23,0,0,13
1289644,45,149,1558,532.53,639.23,1,0,68
1321728,46,149,1558,550.99,640.23,1,0,81
1166407,47,149,1558,532.53,640.23,1,0,149
1386758,48,149,1558,640.23,641.23,0,0,28
1459254,49,149,1558,640.23,639.23,0,0,27
1167192,50,149,1558,641.23,641.23,0,0,14
1298200,52,149,1558,641.23,639.23,0,0,13
1118524,53,149,1558,641.23,640.23,0,0,26
1307451,54,149,1558,641.23,639.23,0,0,40
1452846,55,149,1558,485.03,640.23,1,0,80
1456929,56,149,1558,641.23,639.23,0,0,26
1410668,57,149,1558,640.23,640.23,0,0,13
1259413,58,149,1558,640.23,641.23,0,0,80
1005018,59,149,1558,640.23,639.23,0,0,28
1364452,60,149,1558,640.23,640.23,0,0,41
1009925,61,149,1558,435.59,641.23,1,0,67
1037642,62,149,1558,435.59,640.23,0,0,55
1168730,63,149,1558,434.59,639.23,1,0,243
1458961,64,149,1558,434.59,640.23,1,0,80
1432939,65,149,1558,433.59,641.23,0,0,13
1253126,66,149,1558,639.23,640.23,0,0,69
1136961,67,149,1558,640.23,639.23,0,0,68
1213654,68,149,1558,641.23,639.23,0,0,67
1276842,69,149,1558,640.23,641.23,0,0,14
1456471,70,149,1558,641.23,641.23,0,0,15
1120120,71,149,1558,639.23,640.23,0,0,55
1360709,72,149,1558,640.23,641.23,0,0,15
1201653,73,149,1558,640.23,641.23,0,0,26
1028648,74,149,1558,639.23,639.23,0,0,26
1341661,75,149,1558,485.03,639.23,1,1,136
1123025,76,149,1558,486.03,639.23,1,1,204
1365932,77,149,1558,640.23,641.23,0,1,80
1242252,78,149,1558,640.23,640.23,0,0,42
1129434,79,149,1558,463.69,639.23,1,1,121
1398158,80,149,1558,641.23,640.23,0,0,67
1315054,81,149,1558,640.23,640.23,0,0,13
1127868,82,149,1558,640.23,639.23,0,0,40
1118884,83,149,1558,639.23,641.23,0,0,26
1151639,84,149,1558,484.03,641.23,1,1,136
1284953,85,149,1558,485.03,639.23,1,0,215
1335797,86,149,1558,486.03,641.23,0,0,134
1209394,87,149,1558,486.03,640.23,0,0,162
1171930,88,149,1558,484.03,640.23,0,0,80
1241010,89,149,1558,464.69,639.23,1,0,203
1343696,90,149,1558,485.03,639.23,0,0,80
1132713,91,149,1558,484.03,639.23,0,0,40
1341855,92,149,1558,436.53,639.23,1,1,311
1164645,93,149,1558,444.29,640.23,1,1,351
1492348,94,149,1558,640.23,641.23,0,0,14
1069465,95,149,1558,639.23,641.23,0,0,28
1237545,96,149,1558,639.23,641.23,0,0,53
1110612,97,149,1558,639.23,641.23,0,0,42
1248376,98,149,1558,534.5,639.23,1,0,121
1119417,99,149,1558,535.5,639.23,1,0,15
1251989,100,149,1558,640.23,641.23,0,0,82
1031054,101,149,1558,641.23,641.23,0,0,94
1342731,102,149,1558,641.23,639.23,0,0,40
1492901,104,149,1558,639.23,640.23,0,0,41
1164523,105,149,1558,639.23,640.23,0,0,67
1264522,106,149,1558,641.23,640.23,0,0,42
1137784,108,149,1558,492.82,639.23,0,1,311
1310841,109,149,1558,486.03,639.23,1,0,311
1384241,110,149,1558,641.23,641.23,0,0,42
1296044,111,149,1558,639.23,641.23,0,0,28
1238015,112,149,1558,641.23,640.23,0,0,80
1142345,113,149,1558,463.69,641.23,1,1,256
1456340,114,149,1558,462.69,639.23,1,1,271
1361498,115,149,1558,464.69,641.23,1,1,284
1322478,116,149,1558,464.69,639.23,1,0,204
1174254,117,149,1558,431.68,641.23,1,1,136
1438097,118,149,1558,640.23,639.23,0,0,27
1103986,119,149,1558,641.23,639.23,0,0,53
1030618,120,149,1558,651.84,651.84,0,0,42
1419716,121,149,1558,485,653.84,1,0,203
1124106,122,149,1558,660.63,658.63,0,0,68
1312007,123,149,1558,532.53,658.63,0,0,94
1149161,124,149,1558,512.19,658.63,0,0,54
1108003,125,149,1558,511.19,660.63,0,0,122
1364068,126,149,1558,511.19,659.63,1,1,81
1204972,127,149,1558,513.19,658.63,1,0,82
1077255,128,149,1558,513.19,658.63,0,0,40
1440012,129,149,1558,512.19,658.63,0,0,82
1308522,130,149,1558,488.91,660.63,1,0,108
1354187,131,149,1558,486.03,659.63,1,0,175
1483033,132,149,1558,549.08,659.63,0,0,41
1397138,133,149,1558,549.08,548.08,0,0,80
1266237,134,149,1558,547.08,547.08,0,0,81
1316950,135,149,1558,534.5,549.08,1,0,203
1207248,136,149,1558,532.53,548.08,1,1,122
1390815,137,149,1558,548.08,549.08,0,0,94
1194299,138,149,1558,547.08,549.08,0,0,15
1099992,139,149,1558,549.08,548.08,0,0,67
1135657,140,149,1558,547.08,547.08,0,0,94
1166871,141,149,1558,525.74,548.08,1,1,162
1355241,142,149,1558,528.68,548.08,1,1,134
1369283,143,149,1558,548.08,547.08,0,0,55
1218344,144,149,1558,549.08,548.08,0,0,109
1133374,145,149,1558,547.08,547.08,0,0,80
1181435,1,149,2581,581.03,610.13,1,0,150
1443482,2,149,2581,583.03,610.13,1,0,42
1158453,3,149,2581,612.13,612.13,0,0,40
1242218,4,149,2581,610.13,611.13,0,0,136
1320281,5,149,2581,615.98,615.98,0,0,28
1147492,6,149,2581,619.83,620.83,0,0,80
1410759,7,149,2581,621.83,621.83,0,0,109
1055510,8,149,2581,611.13,611.13,0,0,41
1005739,9,149,2581,583.03,581.03,0,0,69
1373351,10,149,2581,581.03,582.03,0,0,81
1413727,11,149,2581,582.03,583.03,0,0,95
1372782,12,149,2581,534.53,581.03,1,0,150
1303206,13,149,2581,532.53,581.03,1,0,80
1245818,14,149,2581,639.23,641.23,0,0,81
1393964,15,149,2581,640.23,639.23,0,0,13
1324509,16,149,2581,640.23,641.23,0,0,53
1243360,18,149,2581,641.23,641.23,0,0,13
1383974,19,149,2581,561.63,641.23,0,0,55
1301135,20,149,2581,486.03,641.23,1,1,323
1088752,21,149,2581,485.03,640.23,1,1,122
1022076,22,149,2581,640.23,640.23,0,0,67
1331219,23,149,2581,641.23,641.23,0,0,67
1358676,24,149,2581,640.23,639.23,0,0,69
1042976,25,149,2581,639.23,639.23,0,0,69
1440544,26,149,2581,492.82,641.23,1,0,297
1177918,27,149,2581,485.03,639.23,1,1,217
1149776,28,149,2581,640.23,641.23,0,0,13
1114259,29,149,2581,639.23,640.23,0,0,40
1328082,30,149,2581,640.23,639.23,0,0,40
1336647,31,149,2581,640.23,640.23,0,0,40
1222431,32,149,2581,639.23,640.23,0,0,54
1458657,33,149,2581,641.23,641.23,0,0,28
1136376,34,149,2581,641.23,639.23,0,0,69
1423100,35,149,2581,640.23,640.23,0,0,41
1333829,36,149,2581,639.23,640.23,0,0,95
1218192,37,149,2581,437.47,641.23,1,1,338
1089716,38,149,2581,434.59,639.23,1,1,270
1284976,39,149,2581,433.59,641.23,0,0,162
1159966,40,149,2581,434.59,640.23,0,0,108
1001625,41,149,2581,641.23,640.23,0,0,28
1240390,42,149,2581,641.23,640.23,0,0,161
1248064,43,149,2581,641.23,639.23,0,0,54
1215316,44,149,2581,640.23,640.23,0,0,42
1156667,45,149,2581,534.53,639.23,1,0,123
1146473,46,149,2581,532.53,639.23,1,0,42
1030297,47,149,2581,532.53,641.23,1,0,69
1195133,48,149,2581,639.23,641.23,0,0,67
1221402,49,149,2581,640.23,640.23,0,0,69
1412100,50,149,2581,639.23,641.23,0,0,14
1034151,51,149,2581,641.23,640.23,0,0,80
1142232,52,149,2581,639.23,641.23,0,0,41
1070656,53,149,2581,639.23,641.23,0,0,26
1200175,54,149,2581,641.23,640.23,0,0,54
1222927,55,149,2581,485.03,640.23,1,0,175
1341871,56,149,2581,640.23,639.23,0,0,107
1145489,57,149,2581,641.23,641.23,0,0,204
1334483,58,149,2581,640.23,641.23,0,0,163
1126582,59,149,2581,639.23,640.23,0,0,136
1043920,60,149,2581,640.23,641.23,0,0,40
1053292,61,149,2581,433.59,640.23,1,0,216
1342630,62,149,2581,435.59,641.23,0,0,67
1131486,63,149,2581,435.59,640.23,1,0,175
1306373,64,149,2581,435.59,639.23,1,0,243
1372557,65,149,2581,640.23,640.23,0,0,41
1305899,66,149,2581,640.23,640.23,0,0,67
1328307,67,149,2581,641.23,639.23,0,0,55
1355540,68,149,2581,639.23,641.23,0,0,68
1394420,69,149,2581,639.23,640.23,0,0,26
1142691,70,149,2581,640.23,641.23,0,0,53
1458015,71,149,2581,639.23,639.23,0,0,53
1239381,73,149,2581,640.23,641.23,0,0,15
1119513,74,149,2581,640.23,639.23,0,0,96
1109907,75,149,2581,485.03,641.23,1,1,190
1476811,76,149,2581,484.03,640.23,1,1,242
1460218,77,149,2581,639.23,641.23,0,1,41
1375858,78,149,2581,641.23,639.23,0,0,82
1405722,79,149,2581,462.69,641.23,1,1,136
1394001,80,149,2581,640.23,639.23,0,0,69
1347245,81,149,2581,639.23,640.23,0,0,108
1263397,82,149,2581,639.23,640.23,0,0,96
1340639,83,149,2581,640.23,640.23,0,0,27
1202838,84,149,2581,485.03,639.23,1,1,122
1442204,85,149,2581,485.03,639.23,1,1,109
1407367,86,149,2581,485.03,639.23,0,0,95
1013704,87,149,2581,486.03,639.23,0,0,150
1406840,88,149,2581,484.03,640.23,0,0,107
1328608,89,149,2581,462.69,639.23,1,0,161
1104479,90,149,2581,484.03,640.23,0,0,14
1342633,91,149,2581,485.03,640.23,0,0,190
1016042,92,149,2581,437.53,639.23,1,1,189
1085731,93,149,2581,436.53,641.23,1,1,203
1414185,94,149,2581,639.23,641.23,0,0,14
1435495,95,149,2581,641.23,640.23,0,0,28
1052500,96,149,2581,640.23,641.23,0,0,95
1045495,97,149,2581,639.23,640.23,0,0,26
1411566,98,149,2581,534.5,640.23,1,0,108
1253519,99,149,2581,533.5,640.23,1,0,42
1127951,100,149,2581,639.23,640.23,0,0,121
1440690,101,149,2581,639.23,641.23,0,0,96
1074529,102,149,2581,640.23,639.23,0,0,80
1236154,103,149,2581,641.23,640.23,0,0,54
1465444,104,149,2581,640.23,640.23,0,0,69
1011771,105,149,2581,641.23,639.23,0,0,68
1043571,106,149,2581,641.23,641.23,0,0,67
1159972,107,149,2581,640.23,641.23,0,0,13
1046419,108,149,2581,486.03,640.23,0,1,244
1397070,109,149,2581,484.03,641.23,1,0,352
1497262,110,149,2581,640.23,641.23,0,0,27
1235021,111,149,2581,639.23,639.23,0,0,40
1060583,112,149,2581,640.23,641.23,0,0,108
1303709,113,149,2581,464.69,639.23,1,1,215
1149790,114,149,2581,471.45,639.23,1,1,311
1051113,115,149,2581,462.69,641.23,1,1,107
1487020,116,149,2581,464.69,641.23,1,0,96
1174432,117,149,2581,473.39,641.23,1,0,204
1482861,118,149,2581,640.23,641.23,0,0,41
1490178,119,149,2581,640.23,641.23,0,0,69
1420280,120,149,2581,646.99,646.99,0,0,69
1462490,121,149,2581,485,648.99,1,1,271
1428773,122,149,2581,660.63,660.63,0,0,68
1105423,123,149,2581,513.19,659.63,0,0,162
1004845,124,149,2581,513.19,660.63,0,0,41
1442452,125,149,2581,512.19,660.63,0,0,54
1209201,126,149,2581,512.19,658.63,1,0,135
1301352,127,149,2581,512.19,658.63,1,1,189
1225665,128,149,2581,511.19,659.63,0,0,217
1049511,129,149,2581,511.19,660.63,0,0,54
1214419,130,149,2581,485,660.63,1,0,270
1163679,131,149,2581,485.03,659.63,1,1,135
1225885,132,149,2581,547.08,659.63,0,0,67
1112319,133,149,2581,548.08,548.08,0,0,54
1036881,134,149,2581,549.08,547.08,0,0,82
1160419,135,149,2581,534.53,548.08,1,0,107
1325524,136,149,2581,534.53,548.08,1,0,107
1389745,137,149,2581,548.08,548.08,0,0,94
1146722,138,149,2581,549.08,548.08,0,0,27
1325204,139,149,2581,549.08,549.08,0,0,148
1135793,140,149,2581,548.08,547.08,0,0,69
1021511,141,149,2581,525.74,547.08,1,0,188
1412425,142,149,2581,522.89,548.08,1,1,230
1344044,143,149,2581,548.08,549.08,0,0,53
1324519,144,149,2581,548.08,547.08,0,0,190
1251566,145,149,2581,549.08,548.08,0,0,123
1186268,1,149,1962,581.03,610.13,1,0,27
1422338,2,149,1962,583.03,612.13,1,0,68
1465072,3,149,1962,610.13,612.13,0,0,82
1203174,4,149,1962,612.13,610.13,0,0,82
1331583,5,149,1962,613.07,613.07,0,0,68
1291194,6,149,1962,621.83,621.83,0,0,41
1146577,7,149,1962,620.83,621.83,0,0,96
1028690,8,149,1962,607.22,608.22,0,0,40
1498926,9,149,1962,583.03,581.03,0,0,107
1410579,10,149,1962,581.03,582.03,0,0,81
1342029,11,149,1962,583.03,583.03,0,0,81
1163649,12,149,1962,534.53,583.03,1,0,108
1377966,13,149,1962,569.42,582.03,1,0,42
1078736,14,149,1962,639.23,640.23,0,0,40
1003709,15,149,1962,641.23,641.23,0,0,80
1458275,16,149,1962,641.23,639.23,0,0,55
1000345,17,149,1962,639.23,639.23,0,0,69
1361301,18,149,1962,640.23,640.23,0,0,69
1269686,19,149,1962,641.23,639.23,0,0,27
1191400,20,149,1962,484.03,640.23,1,1,121
1468612,21,149,1962,486.03,641.23,1,1,81
1418303,22,149,1962,641.23,640.23,0,0,149
1187618,23,149,1962,639.23,639.23,0,0,69
1162224,24,149,1962,640.23,640.23,0,0,15
1204943,25,149,1962,641.23,641.23,0,0,176
1463947,26,149,1962,484.03,640.23,1,0,203
1337520,27,149,1962,485.03,639.23,1,0,149
1479143,28,149,1962,641.23,640.23,0,0,94
1449723,29,149,1962,640.23,640.23,0,0,69
1369315,30,149,1962,639.23,639.23,0,0,27
1028144,31,149,1962,641.23,640.23,0,0,53
1466152,32,149,1962,640.23,639.23,0,0,55
1484385,33,149,1962,640.23,639.23,0,0,26
1212538,34,149,1962,640.23,640.23,0,0,28
1355694,35,149,1962,639.23,640.23,0,0,40
1019667,36,149,1962,640.23,639.23,0,0,53
1107623,37,149,1962,434.59,640.23,1,1,202
1106854,38,149,1962,457.84,641.23,1,1,229
1057464,39,149,1962,434.59,639.23,0,0,150
1021713,40,149,1962,435.59,641.23,0,0,203
1258246,41,149,1962,641.23,639.23,0,0,81
1486761,42,149,1962,639.23,639.23,0,0,41
1130013,43,149,1962,641.23,639.23,0,0,134
1022548,44,149,1962,641.23,641.23,0,0,41
1045717,45,149,1962,532.53,639.23,1,0,80
1450952,46,149,1962,533.53,639.23,1,0,68
1185693,47,149,1962,532.53,641.23,1,0,40
1322084,48,149,1962,639.23,641.23,0,0,40
1246039,49,149,1962,641.23,641.23,0,0,54
1343962,50,149,1962,640.23,639.23,0,0,67
1457182,51,149,1962,639.23,640.23,0,0,54
1388457,52,149,1962,639.23,640.23,0,0,121
1059967,53,149,1962,641.23,641.23,0,0,121
1112039,54,149,1962,641.23,639.23,0,0,96
1103594,55,149,1962,485.03,639.23,1,0,190
1371923,56,149,1962,640.23,639.23,0,0,80
1077527,57,149,1962,639.23,639.23,0,0,81
1216645,58,149,1962,641.23,641.23,0,0,82
1443822,59,149,1962,639.23,641.23,0,0,40
1402511,60,149,1962,606.28,607.28,0,0,80
1193944,61,149,1962,433.59,607.28,1,0,202
1269094,62,149,1962,434.59,607.28,0,0,95
1269647,63,149,1962,446.23,607.28,1,0,231
1133050,64,149,1962,434.59,605.28,1,0,190
1205194,65,149,1962,639.23,640.23,0,0,13
1250792,66,149,1962,641.23,641.23,0,0,82
1398753,67,149,1962,640.23,639.23,0,0,95
1219225,68,149,1962,640.23,641.23,0,0,80
1009754,69,149,1962,639.23,640.23,0,0,81
1235115,70,149,1962,641.23,639.23,0,0,40
1222377,71,149,1962,640.23,640.23,0,0,28
1407004,72,149,1962,639.23,640.23,0,0,95
1007520,73,149,1962,640.23,641.23,0,0,15
1333147,74,149,1962,641.23,641.23,0,0,94
1266603,75,149,1962,484.03,639.23,1,1,122
1265807,76,149,1962,485.03,641.23,1,1,94
1412692,77,149,1962,641.23,639.23,0,1,42
1329006,78,149,1962,641.23,639.23,0,0,28
1285327,79,149,1962,462.69,640.23,1,1,231
1457868,80,149,1962,640.23,641.23,0,0,95
1290409,81,149,1962,639.23,639.23,0,0,54
1465315,82,149,1962,639.23,640.23,0,0,15
1335178,83,149,1962,641.23,639.23,0,0,41
1477990,84,149,1962,484.03,641.23,1,1,177
1079828,85,149,1962,484.03,641.23,1,1,177
1381478,86,149,1962,486.03,640.23,0,0,55
1277970,87,149,1962,486.03,639.23,0,0,175
1431947,88,149,1962,485.03,639.23,0,0,149
1295560,89,149,1962,464.69,641.23,1,0,204
1460956,90,149,1962,486.03,641.23,0,0,121
1464341,91,149,1962,485.03,639.23,0,0,27
1214638,92,149,1962,446.2,640.23,1,1,257
1053126,93,149,1962,436.53,641.23,1,1,296
1041185,94,149,1962,640.23,640.23,0,0,55
1423657,95,149,1962,640.23,641.23,0,0,28
1055859,96,149,1962,640.23,640.23,0,0,27
1158775,97,149,1962,641.23,641.23,0,0,53
1499719,98,149,1962,535.5,640.23,1,0,68
1326941,99,149,1962,604.31,639.23,1,0,41
1062334,100,149,1962,639.23,639.23,0,0,82
1088200,101,149,1962,639.23,640.23,0,0,94
1267721,102,149,1962,639.23,641.23,0,0,69
1272537,103,149,1962,641.23,641.23,0,0,15
1158725,104,149,1962,641.23,639.23,0,0,41
1057154,105,149,1962,640.23,639.23,0,0,109
1095513,106,149,1962,641.23,639.23,0,0,55
1009416,107,149,1962,639.23,639.23,0,0,13
1046391,108,149,1962,484.03,640.23,0,1,148
1265202,109,149,1962,484.03,641.23,1,0,310
1336171,110,149,1962,640.23,640.23,0,0,82
1100315,111,149,1962,641.23,639.23,0,0,96
1046042,112,149,1962,640.23,641.23,0,0,42
1014601,113,149,1962,462.69,639.23,1,1,216
1240463,114,149,1962,472.45,639.23,1,1,298
1154893,115,149,1962,462.69,641.23,1,1,150
1443268,116,149,1962,462.69,640.23,1,1,108
1207301,117,149,1962,462.75,641.23,1,0,189
1082910,118,149,1962,641.23,639.23,0,0,67
1219597,119,149,1962,641.23,640.23,0,0,81
1020803,120,149,1962,653.84,651.84,0,0,82
1417879,121,149,1962,486,651.84,1,0,175
1028343,122,149,1962,658.63,652.84,0,1,41
1369828,123,149,1962,558.78,653.84,0,1,176
1201986,124,149,1962,511.19,653.84,0,0,42
1258415,125,149,1962,512.19,651.84,0,0,13
1446377,126,149,1962,512.19,652.84,1,0,134
1480479,127,149,1962,511.19,653.84,1,0,203
1037063,128,149,1962,513.19,651.84,0,0,148
1496813,129,149,1962,513.19,651.84,0,0,81
1201162,130,149,1962,486.03,652.84,1,0,108
1276588,131,149,1962,484.03,652.84,1,0,229
1277654,132,149,1962,549.08,652.84,0,0,54
1410566,133,149,1962,549.08,651.84,0,0,109
1344421,134,149,1962,549.08,549.08,0,0,54
1353339,135,149,1962,536.47,548.08,1,1,107
1350822,136,149,1962,536.47,548.08,1,1,162
1473944,137,149,1962,548.08,548.08,0,0,13
1427184,138,149,1962,549.08,548.08,0,0,69
1027278,139,149,1962,548.08,547.08,0,0,134
1177863,140,149,1962,548.08,549.08,0,0,190
1000323,141,149,1962,521.89,549.08,1,0,270
1268764,142,149,1962,522.83,547.08,1,0,134
1448540,143,149,1962,549.08,549.08,0,0,53
1190051,144,149,1962,548.08,547.08,0,0,134
1098967,145,149,1962,549.08,548.08,0,0,55
